// Jest Snapshot v1, https://goo.gl/fbAQLP

exports[`MessageModal component to match snapshot 1`] = `
<View
  style={
    Object {
      "alignItems": "center",
      "flex": 1,
      "justifyContent": "center",
      "position": "absolute",
    }
  }
>
  <Modal
    animationType="fade"
    hardwareAccelerated={false}
    onRequestClose={[MockFunction]}
    transparent={true}
    visible={true}
  >
    <View
      style={
        Object {
          "alignItems": "center",
          "backgroundColor": "rgba(52, 52, 52, 0.7)",
          "flex": 1,
          "justifyContent": "center",
        }
      }
    >
      <View
        style={
          Object {
            "alignContent": "flex-start",
            "backgroundColor": "white",
            "borderRadius": 10,
            "flexDirection": "column",
            "justifyContent": "center",
            "paddingVertical": 20,
            "width": 250,
          }
        }
      >
        <View
          style={
            Object {
              "alignContent": "center",
              "justifyContent": "center",
              "paddingVertical": 15,
              "width": "100%",
            }
          }
        >
          <Text
            style={
              Object {
                "fontSize": 20,
                "fontWeight": "bold",
                "textAlign": "center",
              }
            }
          >
            Ops!
          </Text>
        </View>
        <View
          style={
            Object {
              "alignContent": "center",
              "justifyContent": "center",
              "paddingVertical": 15,
              "width": "100%",
            }
          }
        >
          <Text
            style={
              Object {
                "fontSize": 17,
                "textAlign": "center",
              }
            }
          >
            error test
          </Text>
        </View>
        <View
          accessible={true}
          focusable={true}
          onClick={[Function]}
          onResponderGrant={[Function]}
          onResponderMove={[Function]}
          onResponderRelease={[Function]}
          onResponderTerminate={[Function]}
          onResponderTerminationRequest={[Function]}
          onStartShouldSetResponder={[Function]}
          style={
            Object {
              "alignContent": "center",
              "justifyContent": "center",
              "paddingVertical": 15,
              "width": "100%",
            }
          }
          testID="button"
        >
          <Text
            style={
              Object {
                "color": "rgb(74, 64, 223)",
                "fontSize": 17,
                "textAlign": "center",
              }
            }
          >
            ok
          </Text>
        </View>
      </View>
    </View>
  </Modal>
</View>
`;
